---
# Source: rhods/templates/rhods-datasciencecluster-init.yaml
kind: DSCInitialization
apiVersion: dscinitialization.opendatahub.io/v1
metadata:
  labels:
    app.kubernetes.io/created-by: rhods-operator
    app.kubernetes.io/name: dscinitialization
    app.kubernetes.io/part-of: rhods-operator
  name: default-dsci
spec:
  applicationsNamespace: redhat-ods-applications
  monitoring:
    managementState: Managed
    namespace: redhat-ods-monitoring
  serviceMesh:
    controlPlane:
      metricsCollection: Istio
      name: data-science-smcp
      namespace: istio-system
    managementState: Removed
---
# Source: rhods/templates/rhods-datasciencecluster.yaml
apiVersion: datasciencecluster.opendatahub.io/v1
kind: DataScienceCluster
metadata:
  name: rhods-datasciencecluster
  annotations:
    argocd.argoproj.io/sync-options: SkipDryRunOnMissingResource=true
spec:
  components:
    codeflare:
      managementState: Removed
    dashboard:
      managementState: Managed
    datasciencepipelines:
      managementState: Managed
    kserve:
      managementState: Removed
    modelmeshserving:
      managementState: Managed
    ray:
      managementState: Removed
    trustyai:
      managementState: Removed
    workbenches:
      managementState: Managed
